// Jest Snapshot v1, https://goo.gl/fbAQLP

exports[`axios fetch data correctly 1`] = `ShallowWrapper {}`;

exports[`renders correctly 1`] = `
<View
  style={
    Object {
      "backgroundColor": "#efeff4",
      "flex": 1,
    }
  }
/>
`;
